../Core/Src/stm32u5xx_it.c:74:6:NMI_Handler	4	static
../Core/Src/stm32u5xx_it.c:89:6:HardFault_Handler	64	static,ignoring_inline_asm
../Core/Src/stm32u5xx_it.c:138:6:MemManage_Handler	4	static
../Core/Src/stm32u5xx_it.c:153:6:BusFault_Handler	4	static
../Core/Src/stm32u5xx_it.c:168:6:UsageFault_Handler	4	static
../Core/Src/stm32u5xx_it.c:183:6:DebugMon_Handler	4	static
../Core/Src/stm32u5xx_it.c:203:6:TIM6_IRQHandler	8	static
../Core/Src/stm32u5xx_it.c:217:6:TIM7_IRQHandler	8	static
../Core/Src/stm32u5xx_it.c:231:6:GPDMA1_Channel13_IRQHandler	8	static
